******************************************************************************
                  TI ARM Linker PC v20.2.2                     
******************************************************************************
>> Linked Sat Apr 24 15:49:21 2021

OUTPUT FILE NAME:   <Chapter18.out>
ENTRY POINT SYMBOL: "_c_int00_noargs"  address: 00003791


MEMORY CONFIGURATION

         name            origin    length      used     unused   attr    fill
----------------------  --------  ---------  --------  --------  ----  --------
  FLASH                 00000000   00040000  00003e88  0003c178  R  X
  SRAM                  20000000   00008000  00000516  00007aea  RW X


SEGMENT ALLOCATION MAP

run origin  load origin   length   init length attrs members
----------  ----------- ---------- ----------- ----- -------
00000000    00000000    00003e88   00003e88    r-x
  00000000    00000000    0000026c   0000026c    r-- .intvecs
  0000026c    0000026c    0000359c   0000359c    r-x .text
  00003808    00003808    00000630   00000630    r-- .const
  00003e38    00003e38    00000050   00000050    r-- .cinit
20000000    20000000    0000051a   00000000    rw-
  20000000    20000000    0000026c   00000000    rw- .vtable
  20000270    20000270    00000200   00000000    rw- .stack
  20000470    20000470    0000008c   00000000    rw- .bss
  200004fc    200004fc    0000001e   00000000    rw- .data


SECTION ALLOCATION MAP

 output                                  attributes/
section   page    origin      length       input sections
--------  ----  ----------  ----------   ----------------
.intvecs   0    00000000    0000026c     
                  00000000    0000026c     tm4c123gh6pm_startup_ccs.obj (.intvecs)

.text      0    0000026c    0000359c     
                  0000026c    00000ef4     sysctl.obj (.text)
                  00001160    00000ca0     gpio.obj (.text)
                  00001e00    00000642     timer.obj (.text)
                  00002442    00000002     --HOLE-- [fill = 0]
                  00002444    00000618     uart.obj (.text)
                  00002a5c    000003c0     interrupt.obj (.text)
                  00002e1c    000002e8     sch.obj (.text)
                  00003104    000001b8     my_uart.obj (.text)
                  000032bc    00000194     uart_soft.obj (.text)
                  00003450    0000017c     my_program.obj (.text)
                  000035cc    0000009c     rtsv7M4_T_le_v4SPD16_eabi.lib : memcpy_t2.asm.obj (.text)
                  00003668    00000068                                   : copy_decompress_lzss.c.obj (.text:decompress:lzss:__TI_decompress_lzss)
                  000036d0    00000044                                   : autoinit.c.obj (.text:__TI_auto_init_nobinit_nopinit:__TI_auto_init_nobinit_nopinit)
                  00003714    0000003e     cpu.obj (.text)
                  00003752    00000002     --HOLE-- [fill = 0]
                  00003754    0000003c     main.obj (.text)
                  00003790    00000034     rtsv7M4_T_le_v4SPD16_eabi.lib : boot_cortex_m.c.obj (.text:_c_int00_noargs:_c_int00_noargs)
                  000037c4    0000001c                                   : copy_zero_init.c.obj (.text:decompress:ZI:__TI_zero_init_nomemset:__TI_zero_init_nomemset)
                  000037e0    0000000e                                   : copy_decompress_none.c.obj (.text:decompress:none:__TI_decompress_none)
                  000037ee    0000000c     tm4c123gh6pm_startup_ccs.obj (.text)
                  000037fa    00000006     sysctl.obj (.text:SysCtlDelay)
                  00003800    00000004     rtsv7M4_T_le_v4SPD16_eabi.lib : pre_init.c.obj (.text:_system_pre_init)
                  00003804    00000004                                   : exit.c.obj (.text:abort:abort)

.const     0    00003808    00000630     
                  00003808    00000120     sysctl.obj (.const:g_pppui32XTALtoVCO)
                  00003928    000000c0     gpio.obj (.const:g_ppui32GPIOIntMapBlizzard)
                  000039e8    000000c0     gpio.obj (.const:g_ppui32GPIOIntMapSnowflake)
                  00003aa8    0000009c     interrupt.obj (.const:g_pui32Regs)
                  00003b44    00000090     gpio.obj (.const:g_pui32GPIOBaseAddrs)
                  00003bd4    0000006c     sysctl.obj (.const:g_pui32Xtals)
                  00003c40    00000060     timer.obj (.const:g_ppui32TimerIntMap)
                  00003ca0    00000040     timer.obj (.const:g_ppui32TimerIntMapSnowflake)
                  00003ce0    00000040     uart.obj (.const:g_ppui32UARTIntMap)
                  00003d20    00000040     uart.obj (.const:g_ppui32UARTIntMapSnowflake)
                  00003d60    00000030     sysctl.obj (.const:g_sXTALtoMEMTIM)
                  00003d90    00000020     interrupt.obj (.const:g_pui32Priority)
                  00003db0    0000001e     my_program.obj (.const:.string:$P$T1$2)
                  00003dce    00000002     --HOLE-- [fill = 0]
                  00003dd0    00000014     interrupt.obj (.const:g_pui32Dii16Regs)
                  00003de4    00000014     interrupt.obj (.const:g_pui32EnRegs)
                  00003df8    00000014     interrupt.obj (.const:g_pui32PendRegs)
                  00003e0c    00000014     interrupt.obj (.const:g_pui32UnpendRegs)
                  00003e20    0000000d     my_program.obj (.const:.string:$P$T0$1)
                  00003e2d    00000003     --HOLE-- [fill = 0]
                  00003e30    00000008     sysctl.obj (.const:g_pui32VCOFrequencies)

.cinit     0    00003e38    00000050     
                  00003e38    00000019     (.cinit..data.load) [load image, compression = lzss]
                  00003e51    00000003     --HOLE-- [fill = 0]
                  00003e54    0000000c     (__TI_handler_table)
                  00003e60    00000008     (.cinit..bss.load) [load image, compression = zero_init]
                  00003e68    00000008     (.cinit..vtable.load) [load image, compression = zero_init]
                  00003e70    00000018     (__TI_cinit_table)

.init_array 
*          0    00000000    00000000     UNINITIALIZED

.vtable    0    20000000    0000026c     UNINITIALIZED
                  20000000    0000026c     interrupt.obj (.vtable)

.bss       0    20000470    0000008c     UNINITIALIZED
                  20000470    00000064     uart_soft.obj (.bss:tran_buffer)
                  200004d4    00000020     (.common:SCH_tasks_G)
                  200004f4    00000008     uart_soft.obj (.bss)

.data      0    200004fc    0000001e     UNINITIALIZED
                  200004fc    00000010     my_program.obj (.data)
                  2000050c    0000000a     my_program.obj (.data:CHAR_MAP_G)
                  20000516    00000002     sch.obj (.data)
                  20000518    00000002     uart_soft.obj (.data)

.stack     0    20000270    00000200     UNINITIALIZED
                  20000270    00000004     rtsv7M4_T_le_v4SPD16_eabi.lib : boot_cortex_m.c.obj (.stack)
                  20000274    000001fc     --HOLE--

__llvm_prf_cnts 
*          0    20000000    00000000     UNINITIALIZED

MODULE SUMMARY

       Module                         code    ro data   rw data
       ------                         ----    -------   -------
    .\
       sch.obj                        744     0         34     
       tm4c123gh6pm_startup_ccs.obj   12      620       0      
       uart_soft.obj                  404     0         110    
       my_program.obj                 380     43        26     
       my_uart.obj                    440     0         0      
       main.obj                       60      0         0      
    +--+------------------------------+-------+---------+---------+
       Total:                         2040    663       170    
                                                               
    .\driverlib\
       sysctl.obj                     3834    452       0      
       gpio.obj                       3232    528       0      
       interrupt.obj                  960     268       620    
       timer.obj                      1602    160       0      
       uart.obj                       1560    128       0      
       cpu.obj                        62      0         0      
    +--+------------------------------+-------+---------+---------+
       Total:                         11250   1536      620    
                                                               
    C:\ti\ccs1020\ccs\tools\compiler\ti-cgt-arm_20.2.2.LTS\lib\rtsv7M4_T_le_v4SPD16_eabi.lib
       memcpy_t2.asm.obj              156     0         0      
       copy_decompress_lzss.c.obj     104     0         0      
       autoinit.c.obj                 68      0         0      
       boot_cortex_m.c.obj            52      0         0      
       copy_zero_init.c.obj           28      0         0      
       copy_decompress_none.c.obj     14      0         0      
       exit.c.obj                     4       0         0      
       pre_init.c.obj                 4       0         0      
    +--+------------------------------+-------+---------+---------+
       Total:                         430     0         0      
                                                               
       Stack:                         0       0         512    
       Linker Generated:              0       77        0      
    +--+------------------------------+-------+---------+---------+
       Grand Total:                   13720   2276      1302   


LINKER GENERATED COPY TABLES

__TI_cinit_table @ 00003e70 records: 3, size/record: 8, table size: 24
	.data: load addr=00003e38, load size=00000019 bytes, run addr=200004fc, run size=0000001e bytes, compression=lzss
	.bss: load addr=00003e60, load size=00000008 bytes, run addr=20000470, run size=0000008c bytes, compression=zero_init
	.vtable: load addr=00003e68, load size=00000008 bytes, run addr=20000000, run size=0000026c bytes, compression=zero_init


LINKER GENERATED HANDLER TABLE

__TI_handler_table @ 00003e54 records: 3, size/record: 4, table size: 12
	index: 0, handler: __TI_zero_init
	index: 1, handler: __TI_decompress_lzss
	index: 2, handler: __TI_decompress_none


GLOBAL SYMBOLS: SORTED ALPHABETICALLY BY Name 

address   name                            
-------   ----                            
00003805  C$$EXIT                         
00003749  CPUbasepriGet                   
0000373b  CPUbasepriSet                   
00003715  CPUcpsid                        
0000372b  CPUcpsie                        
00003721  CPUprimask                      
00003737  CPUwfi                          
00003451  Elapsed_time_Init               
0000346f  Elapsed_time_update             
00001cc3  GPIOADCTriggerDisable           
00001ca5  GPIOADCTriggerEnable            
00001c87  GPIODMATriggerDisable           
00001c69  GPIODMATriggerEnable            
00001d4f  GPIODigitalInMine               
00001ce1  GPIODigitalOutMine              
0000121b  GPIODirModeGet                  
000011bf  GPIODirModeSet                  
00001783  GPIOIntClear                    
00001747  GPIOIntDisable                  
0000172d  GPIOIntEnable                   
00001797  GPIOIntRegister                 
00001761  GPIOIntStatus                   
0000130b  GPIOIntTypeGet                  
00001267  GPIOIntTypeSet                  
000017b5  GPIOIntUnregister               
000015db  GPIOPadConfigGet                
000013a1  GPIOPadConfigSet                
00001c0b  GPIOPinConfigure                
000017cf  GPIOPinRead                     
00001807  GPIOPinTypeADC                  
0000182b  GPIOPinTypeCAN                  
00001bd7  GPIOPinTypeCIR                  
0000184f  GPIOPinTypeComparator           
00001873  GPIOPinTypeEPI                  
00001897  GPIOPinTypeEthernetLED          
000018bb  GPIOPinTypeEthernetMII          
000018df  GPIOPinTypeGPIOInput            
00001903  GPIOPinTypeGPIOOutput           
00001927  GPIOPinTypeGPIOOutputOD         
0000194b  GPIOPinTypeI2C                  
0000196f  GPIOPinTypeI2CSCL               
00001b8f  GPIOPinTypeKBColumn             
00001b6b  GPIOPinTypeKBRow                
00001993  GPIOPinTypeLCD                  
00001bb3  GPIOPinTypeLEDSeq               
000019b7  GPIOPinTypeLPC                  
000019db  GPIOPinTypePECIRx               
000019ff  GPIOPinTypePECITx               
00001a23  GPIOPinTypePWM                  
00001a47  GPIOPinTypeQEI                  
00001a6b  GPIOPinTypeSSI                  
00001a8f  GPIOPinTypeTimer                
00001ab3  GPIOPinTypeUART                 
00001ad7  GPIOPinTypeUSBAnalog            
00001afb  GPIOPinTypeUSBDigital           
00001b1f  GPIOPinTypeWakeHigh             
00001b45  GPIOPinTypeWakeLow              
00001bfb  GPIOPinWakeStatus               
000017e7  GPIOPinWrite                    
00001dbd  GpioISRInit                     
00003421  HW_pc_init                      
000033ef  HW_pc_update                    
00003597  HW_prog_init                    
00003565  HW_prog_update                  
000030c1  HW_sch_init                     
0000308f  HW_sch_update                   
20000500  Hou_G                           
00002c1d  IntDisable                      
00002bab  IntEnable                       
00002c8f  IntIsEnabled                    
00002a6f  IntMasterDisable                
00002a5f  IntMasterEnable                 
00002d85  IntPendClear                    
00002d15  IntPendSet                      
00002b87  IntPriorityGet                  
00002aff  IntPriorityGroupingGet          
00002ae5  IntPriorityGroupingSet          
00002ddf  IntPriorityMaskGet              
00002dd3  IntPriorityMaskSet              
00002b37  IntPrioritySet                  
00002a7f  IntRegister                     
00002de7  IntTrigger                      
00002ad1  IntUnregister                   
20000504  Min_G                           
000037ef  ResetISR                        
00002f3f  SCH_Add_Task                    
0000302f  SCH_Delete_Task                 
00002fb3  SCH_Dispatcher_Tasks            
00002e6b  SCH_Init_T2                     
000030d5  SCH_Report_Status               
200004d4  SCH_tasks_G                     
20000508  Sec_G                           
000010ff  SysCtlAltClkConfig              
000008d5  SysCtlClockFreqSet              
00000db9  SysCtlClockGet                  
000010e3  SysCtlClockOutConfig            
00000bed  SysCtlClockSet                  
000007d5  SysCtlDeepSleep                 
00000f85  SysCtlDeepSleepClockConfigSet   
00000f67  SysCtlDeepSleepClockSet         
000007b5  SysCtlDeepSleepPowerSet         
000037fb  SysCtlDelay                     
00000363  SysCtlFlashSectorSizeGet        
00000337  SysCtlFlashSizeGet              
0000105b  SysCtlGPIOAHBDisable            
0000103f  SysCtlGPIOAHBEnable             
00000749  SysCtlIntClear                  
00000731  SysCtlIntDisable                
0000071d  SysCtlIntEnable                 
000006f5  SysCtlIntRegister               
00000759  SysCtlIntStatus                 
0000070d  SysCtlIntUnregister             
0000079b  SysCtlLDODeepSleepGet           
0000078b  SysCtlLDODeepSleepSet           
00000785  SysCtlLDOSleepGet               
00000775  SysCtlLDOSleepSet               
0000080b  SysCtlMOSCConfigSet             
000010cf  SysCtlNMIClear                  
000010c9  SysCtlNMIStatus                 
00000821  SysCtlPIOSCCalibrate            
00001029  SysCtlPWMClockGet               
0000100f  SysCtlPWMClockSet               
000006a1  SysCtlPeripheralClockGating     
00000659  SysCtlPeripheralDeepSleepDisable
00000609  SysCtlPeripheralDeepSleepEnable 
00000545  SysCtlPeripheralDisable         
00000509  SysCtlPeripheralEnable          
00000445  SysCtlPeripheralPowerOff        
00000409  SysCtlPeripheralPowerOn         
00000389  SysCtlPeripheralPresent         
000003c9  SysCtlPeripheralReady           
00000481  SysCtlPeripheralReset           
000005cd  SysCtlPeripheralSleepDisable    
00000589  SysCtlPeripheralSleepEnable     
000007c5  SysCtlReset                     
00000881  SysCtlResetBehaviorGet          
00000871  SysCtlResetBehaviorSet          
000007f7  SysCtlResetCauseClear           
000007f1  SysCtlResetCauseGet             
0000032d  SysCtlSRAMSizeGet               
000007cd  SysCtlSleep                     
000007a1  SysCtlSleepPowerSet             
00001089  SysCtlUSBPLLDisable             
00001077  SysCtlUSBPLLEnable              
000010b5  SysCtlVoltageEventClear         
00001099  SysCtlVoltageEventConfig        
000010a9  SysCtlVoltageEventStatus        
000023c1  TimerADCEventGet                
000023af  TimerADCEventSet                
000020e5  TimerClockSourceGet             
000020bb  TimerClockSourceSet             
00001eaf  TimerConfigure                  
00001fcf  TimerControlEvent               
00001f2b  TimerControlLevel               
00001ff9  TimerControlStall               
00001f61  TimerControlTrigger             
0000202f  TimerControlWaitOnTrigger       
000023e1  TimerDMAEventGet                
000023cf  TimerDMAEventSet                
00001e91  TimerDisable                    
00001e73  TimerEnable                     
0000238b  TimerIntClear                   
00002355  TimerIntDisable                 
0000233d  TimerIntEnable                  
000022f7  TimerIntRegister                
0000236d  TimerIntStatus                  
0000231f  TimerIntUnregister              
000021af  TimerLoadGet                    
000021e5  TimerLoadGet64                  
00002185  TimerLoadSet                    
000021cb  TimerLoadSet64                  
0000228f  TimerMatchGet                   
000022c5  TimerMatchGet64                 
00002265  TimerMatchSet                   
000022ab  TimerMatchSet64                 
0000211f  TimerPrescaleGet                
00002169  TimerPrescaleMatchGet           
0000213b  TimerPrescaleMatchSet           
000020f5  TimerPrescaleSet                
000020a5  TimerRTCDisable                 
0000208f  TimerRTCEnable                  
0000239d  TimerSynchronize                
000023ef  TimerUpdateMode                 
00002217  TimerValueGet                   
00002233  TimerValueGet64                 
00002a15  UART9BitAddrSend                
000029ef  UART9BitAddrSet                 
000029d9  UART9BitDisable                 
000029c3  UART9BitEnable                  
00002867  UARTBreakCtl                    
00002891  UARTBusy                        
0000280f  UARTCharGet                     
000027f3  UARTCharGetNonBlocking          
00002849  UARTCharPut                     
00002825  UARTCharPutNonBlocking          
000027b7  UARTCharsAvail                  
000029b3  UARTClockSourceGet              
0000299f  UARTClockSourceSet              
00002587  UARTConfigGetExpClk             
00002511  UARTConfigSetExpClk             
00002965  UARTDMADisable                  
0000294d  UARTDMAEnable                   
000025f7  UARTDisable                     
0000267b  UARTDisableSIR                  
000025d3  UARTEnable                      
0000264d  UARTEnableSIR                   
00002637  UARTFIFODisable                 
00002621  UARTFIFOEnable                  
000024e9  UARTFIFOLevelGet                
000024d1  UARTFIFOLevelSet                
00002777  UARTFlowControlGet              
0000275b  UARTFlowControlSet              
0000293b  UARTIntClear                    
00002905  UARTIntDisable                  
000028ed  UARTIntEnable                   
000028af  UARTIntRegister                 
0000291d  UARTIntStatus                   
000028cd  UARTIntUnregister               
00002711  UARTModemControlClear           
00002735  UARTModemControlGet             
000026d9  UARTModemControlSet             
00002747  UARTModemStatusGet              
000024bf  UARTParityModeGet               
000024a3  UARTParityModeSet               
0000298f  UARTRxErrorClear                
0000297d  UARTRxErrorGet                  
000026c3  UARTSmartCardDisable            
00002691  UARTSmartCardEnable             
000027d5  UARTSpaceAvail                  
000027a5  UARTTxIntModeGet                
00002789  UARTTxIntModeSet                
20000470  __STACK_END                     
00000200  __STACK_SIZE                    
20000470  __STACK_TOP                     
00003e70  __TI_CINIT_Base                 
00003e88  __TI_CINIT_Limit                
00003e54  __TI_Handler_Table_Base         
00003e60  __TI_Handler_Table_Limit        
000036d1  __TI_auto_init_nobinit_nopinit  
00003669  __TI_decompress_lzss            
000037e1  __TI_decompress_none            
ffffffff  __TI_pprof_out_hndl             
ffffffff  __TI_prof_data_size             
ffffffff  __TI_prof_data_start            
00000000  __TI_static_base__              
000037c5  __TI_zero_init_nomemset         
000035cd  __aeabi_memcpy                  
000035cd  __aeabi_memcpy4                 
000035cd  __aeabi_memcpy8                 
ffffffff  __binit__                       
ffffffff  __c_args__                      
UNDEFED   __mpu_init                      
20000270  __stack                         
20000000  __start___llvm_prf_cnts         
20000000  __stop___llvm_prf_cnts          
00003791  _c_int00_noargs                 
UNDEFED   _system_post_cinit              
00003801  _system_pre_init                
00003805  abort                           
ffffffff  binit                           
20000000  g_pfnRAMVectors                 
00000000  g_pfnVectors                    
00003755  main                            
000035cd  memcpy                          
000032bd  pc_link_Init                    
00003311  pc_link_send_char               
000032db  pc_link_update                  
00003399  pc_link_write_char_to_buffer    
000033c9  pc_link_write_string_to_buffer  
00003171  uart1_init                      
00003105  uart1_isr_init                  
000031c7  uart1_pin_init                  
00003273  uart_delay_fCheck               
0000324f  uart_delay_fStart               
000031f9  uart_delay_init                 
00003223  uart_delay_start                
00003267  uart_delay_stop                 
000031df  uart_ts_check                   


GLOBAL SYMBOLS: SORTED BY Symbol Address 

address   name                            
-------   ----                            
00000000  __TI_static_base__              
00000000  g_pfnVectors                    
00000200  __STACK_SIZE                    
0000032d  SysCtlSRAMSizeGet               
00000337  SysCtlFlashSizeGet              
00000363  SysCtlFlashSectorSizeGet        
00000389  SysCtlPeripheralPresent         
000003c9  SysCtlPeripheralReady           
00000409  SysCtlPeripheralPowerOn         
00000445  SysCtlPeripheralPowerOff        
00000481  SysCtlPeripheralReset           
00000509  SysCtlPeripheralEnable          
00000545  SysCtlPeripheralDisable         
00000589  SysCtlPeripheralSleepEnable     
000005cd  SysCtlPeripheralSleepDisable    
00000609  SysCtlPeripheralDeepSleepEnable 
00000659  SysCtlPeripheralDeepSleepDisable
000006a1  SysCtlPeripheralClockGating     
000006f5  SysCtlIntRegister               
0000070d  SysCtlIntUnregister             
0000071d  SysCtlIntEnable                 
00000731  SysCtlIntDisable                
00000749  SysCtlIntClear                  
00000759  SysCtlIntStatus                 
00000775  SysCtlLDOSleepSet               
00000785  SysCtlLDOSleepGet               
0000078b  SysCtlLDODeepSleepSet           
0000079b  SysCtlLDODeepSleepGet           
000007a1  SysCtlSleepPowerSet             
000007b5  SysCtlDeepSleepPowerSet         
000007c5  SysCtlReset                     
000007cd  SysCtlSleep                     
000007d5  SysCtlDeepSleep                 
000007f1  SysCtlResetCauseGet             
000007f7  SysCtlResetCauseClear           
0000080b  SysCtlMOSCConfigSet             
00000821  SysCtlPIOSCCalibrate            
00000871  SysCtlResetBehaviorSet          
00000881  SysCtlResetBehaviorGet          
000008d5  SysCtlClockFreqSet              
00000bed  SysCtlClockSet                  
00000db9  SysCtlClockGet                  
00000f67  SysCtlDeepSleepClockSet         
00000f85  SysCtlDeepSleepClockConfigSet   
0000100f  SysCtlPWMClockSet               
00001029  SysCtlPWMClockGet               
0000103f  SysCtlGPIOAHBEnable             
0000105b  SysCtlGPIOAHBDisable            
00001077  SysCtlUSBPLLEnable              
00001089  SysCtlUSBPLLDisable             
00001099  SysCtlVoltageEventConfig        
000010a9  SysCtlVoltageEventStatus        
000010b5  SysCtlVoltageEventClear         
000010c9  SysCtlNMIStatus                 
000010cf  SysCtlNMIClear                  
000010e3  SysCtlClockOutConfig            
000010ff  SysCtlAltClkConfig              
000011bf  GPIODirModeSet                  
0000121b  GPIODirModeGet                  
00001267  GPIOIntTypeSet                  
0000130b  GPIOIntTypeGet                  
000013a1  GPIOPadConfigSet                
000015db  GPIOPadConfigGet                
0000172d  GPIOIntEnable                   
00001747  GPIOIntDisable                  
00001761  GPIOIntStatus                   
00001783  GPIOIntClear                    
00001797  GPIOIntRegister                 
000017b5  GPIOIntUnregister               
000017cf  GPIOPinRead                     
000017e7  GPIOPinWrite                    
00001807  GPIOPinTypeADC                  
0000182b  GPIOPinTypeCAN                  
0000184f  GPIOPinTypeComparator           
00001873  GPIOPinTypeEPI                  
00001897  GPIOPinTypeEthernetLED          
000018bb  GPIOPinTypeEthernetMII          
000018df  GPIOPinTypeGPIOInput            
00001903  GPIOPinTypeGPIOOutput           
00001927  GPIOPinTypeGPIOOutputOD         
0000194b  GPIOPinTypeI2C                  
0000196f  GPIOPinTypeI2CSCL               
00001993  GPIOPinTypeLCD                  
000019b7  GPIOPinTypeLPC                  
000019db  GPIOPinTypePECIRx               
000019ff  GPIOPinTypePECITx               
00001a23  GPIOPinTypePWM                  
00001a47  GPIOPinTypeQEI                  
00001a6b  GPIOPinTypeSSI                  
00001a8f  GPIOPinTypeTimer                
00001ab3  GPIOPinTypeUART                 
00001ad7  GPIOPinTypeUSBAnalog            
00001afb  GPIOPinTypeUSBDigital           
00001b1f  GPIOPinTypeWakeHigh             
00001b45  GPIOPinTypeWakeLow              
00001b6b  GPIOPinTypeKBRow                
00001b8f  GPIOPinTypeKBColumn             
00001bb3  GPIOPinTypeLEDSeq               
00001bd7  GPIOPinTypeCIR                  
00001bfb  GPIOPinWakeStatus               
00001c0b  GPIOPinConfigure                
00001c69  GPIODMATriggerEnable            
00001c87  GPIODMATriggerDisable           
00001ca5  GPIOADCTriggerEnable            
00001cc3  GPIOADCTriggerDisable           
00001ce1  GPIODigitalOutMine              
00001d4f  GPIODigitalInMine               
00001dbd  GpioISRInit                     
00001e73  TimerEnable                     
00001e91  TimerDisable                    
00001eaf  TimerConfigure                  
00001f2b  TimerControlLevel               
00001f61  TimerControlTrigger             
00001fcf  TimerControlEvent               
00001ff9  TimerControlStall               
0000202f  TimerControlWaitOnTrigger       
0000208f  TimerRTCEnable                  
000020a5  TimerRTCDisable                 
000020bb  TimerClockSourceSet             
000020e5  TimerClockSourceGet             
000020f5  TimerPrescaleSet                
0000211f  TimerPrescaleGet                
0000213b  TimerPrescaleMatchSet           
00002169  TimerPrescaleMatchGet           
00002185  TimerLoadSet                    
000021af  TimerLoadGet                    
000021cb  TimerLoadSet64                  
000021e5  TimerLoadGet64                  
00002217  TimerValueGet                   
00002233  TimerValueGet64                 
00002265  TimerMatchSet                   
0000228f  TimerMatchGet                   
000022ab  TimerMatchSet64                 
000022c5  TimerMatchGet64                 
000022f7  TimerIntRegister                
0000231f  TimerIntUnregister              
0000233d  TimerIntEnable                  
00002355  TimerIntDisable                 
0000236d  TimerIntStatus                  
0000238b  TimerIntClear                   
0000239d  TimerSynchronize                
000023af  TimerADCEventSet                
000023c1  TimerADCEventGet                
000023cf  TimerDMAEventSet                
000023e1  TimerDMAEventGet                
000023ef  TimerUpdateMode                 
000024a3  UARTParityModeSet               
000024bf  UARTParityModeGet               
000024d1  UARTFIFOLevelSet                
000024e9  UARTFIFOLevelGet                
00002511  UARTConfigSetExpClk             
00002587  UARTConfigGetExpClk             
000025d3  UARTEnable                      
000025f7  UARTDisable                     
00002621  UARTFIFOEnable                  
00002637  UARTFIFODisable                 
0000264d  UARTEnableSIR                   
0000267b  UARTDisableSIR                  
00002691  UARTSmartCardEnable             
000026c3  UARTSmartCardDisable            
000026d9  UARTModemControlSet             
00002711  UARTModemControlClear           
00002735  UARTModemControlGet             
00002747  UARTModemStatusGet              
0000275b  UARTFlowControlSet              
00002777  UARTFlowControlGet              
00002789  UARTTxIntModeSet                
000027a5  UARTTxIntModeGet                
000027b7  UARTCharsAvail                  
000027d5  UARTSpaceAvail                  
000027f3  UARTCharGetNonBlocking          
0000280f  UARTCharGet                     
00002825  UARTCharPutNonBlocking          
00002849  UARTCharPut                     
00002867  UARTBreakCtl                    
00002891  UARTBusy                        
000028af  UARTIntRegister                 
000028cd  UARTIntUnregister               
000028ed  UARTIntEnable                   
00002905  UARTIntDisable                  
0000291d  UARTIntStatus                   
0000293b  UARTIntClear                    
0000294d  UARTDMAEnable                   
00002965  UARTDMADisable                  
0000297d  UARTRxErrorGet                  
0000298f  UARTRxErrorClear                
0000299f  UARTClockSourceSet              
000029b3  UARTClockSourceGet              
000029c3  UART9BitEnable                  
000029d9  UART9BitDisable                 
000029ef  UART9BitAddrSet                 
00002a15  UART9BitAddrSend                
00002a5f  IntMasterEnable                 
00002a6f  IntMasterDisable                
00002a7f  IntRegister                     
00002ad1  IntUnregister                   
00002ae5  IntPriorityGroupingSet          
00002aff  IntPriorityGroupingGet          
00002b37  IntPrioritySet                  
00002b87  IntPriorityGet                  
00002bab  IntEnable                       
00002c1d  IntDisable                      
00002c8f  IntIsEnabled                    
00002d15  IntPendSet                      
00002d85  IntPendClear                    
00002dd3  IntPriorityMaskSet              
00002ddf  IntPriorityMaskGet              
00002de7  IntTrigger                      
00002e6b  SCH_Init_T2                     
00002f3f  SCH_Add_Task                    
00002fb3  SCH_Dispatcher_Tasks            
0000302f  SCH_Delete_Task                 
0000308f  HW_sch_update                   
000030c1  HW_sch_init                     
000030d5  SCH_Report_Status               
00003105  uart1_isr_init                  
00003171  uart1_init                      
000031c7  uart1_pin_init                  
000031df  uart_ts_check                   
000031f9  uart_delay_init                 
00003223  uart_delay_start                
0000324f  uart_delay_fStart               
00003267  uart_delay_stop                 
00003273  uart_delay_fCheck               
000032bd  pc_link_Init                    
000032db  pc_link_update                  
00003311  pc_link_send_char               
00003399  pc_link_write_char_to_buffer    
000033c9  pc_link_write_string_to_buffer  
000033ef  HW_pc_update                    
00003421  HW_pc_init                      
00003451  Elapsed_time_Init               
0000346f  Elapsed_time_update             
00003565  HW_prog_update                  
00003597  HW_prog_init                    
000035cd  __aeabi_memcpy                  
000035cd  __aeabi_memcpy4                 
000035cd  __aeabi_memcpy8                 
000035cd  memcpy                          
00003669  __TI_decompress_lzss            
000036d1  __TI_auto_init_nobinit_nopinit  
00003715  CPUcpsid                        
00003721  CPUprimask                      
0000372b  CPUcpsie                        
00003737  CPUwfi                          
0000373b  CPUbasepriSet                   
00003749  CPUbasepriGet                   
00003755  main                            
00003791  _c_int00_noargs                 
000037c5  __TI_zero_init_nomemset         
000037e1  __TI_decompress_none            
000037ef  ResetISR                        
000037fb  SysCtlDelay                     
00003801  _system_pre_init                
00003805  C$$EXIT                         
00003805  abort                           
00003e54  __TI_Handler_Table_Base         
00003e60  __TI_Handler_Table_Limit        
00003e70  __TI_CINIT_Base                 
00003e88  __TI_CINIT_Limit                
20000000  __start___llvm_prf_cnts         
20000000  __stop___llvm_prf_cnts          
20000000  g_pfnRAMVectors                 
20000270  __stack                         
20000470  __STACK_END                     
20000470  __STACK_TOP                     
200004d4  SCH_tasks_G                     
20000500  Hou_G                           
20000504  Min_G                           
20000508  Sec_G                           
ffffffff  __TI_pprof_out_hndl             
ffffffff  __TI_prof_data_size             
ffffffff  __TI_prof_data_start            
ffffffff  __binit__                       
ffffffff  __c_args__                      
ffffffff  binit                           
UNDEFED   __mpu_init                      
UNDEFED   _system_post_cinit              

[278 symbols]
