******************************************************************************
                  TI ARM Linker PC v20.2.2                     
******************************************************************************
>> Linked Fri Mar 26 01:01:14 2021

OUTPUT FILE NAME:   <Chapter14.out>
ENTRY POINT SYMBOL: "_c_int00_noargs"  address: 00002c55


MEMORY CONFIGURATION

         name            origin    length      used     unused   attr    fill
----------------------  --------  ---------  --------  --------  ----  --------
  FLASH                 00000000   00040000  000032ac  0003cd54  R  X
  SRAM                  20000000   00008000  00000481  00007b7f  RW X


SEGMENT ALLOCATION MAP

run origin  load origin   length   init length attrs members
----------  ----------- ---------- ----------- ----- -------
00000000    00000000    000032b0   000032b0    r-x
  00000000    00000000    0000026c   0000026c    r-- .intvecs
  0000026c    0000026c    00002a80   00002a80    r-x .text
  00002cec    00002cec    00000580   00000580    r-- .const
  00003270    00003270    00000040   00000040    r-- .cinit
20000000    20000000    00000484   00000000    rw-
  20000000    20000000    0000026c   00000000    rw- .vtable
  2000026c    2000026c    00000001   00000000    rw- .data
  20000270    20000270    00000200   00000000    rw- .stack
  20000470    20000470    00000014   00000000    rw- .bss


SECTION ALLOCATION MAP

 output                                  attributes/
section   page    origin      length       input sections
--------  ----  ----------  ----------   ----------------
.intvecs   0    00000000    0000026c     
                  00000000    0000026c     tm4c123gh6pm_startup_ccs.obj (.intvecs)

.text      0    0000026c    00002a80     
                  0000026c    00000ef4     sysctl.obj (.text)
                  00001160    00000ca0     gpio.obj (.text)
                  00001e00    00000642     timer.obj (.text)
                  00002442    00000002     --HOLE-- [fill = 0]
                  00002444    000003c0     interrupt.obj (.text)
                  00002804    0000026c     sch51.obj (.text)
                  00002a70    0000009c     rtsv7M4_T_le_v4SPD16_eabi.lib : memcpy_t2.asm.obj (.text)
                  00002b0c    00000068                                   : copy_decompress_lzss.c.obj (.text:decompress:lzss:__TI_decompress_lzss)
                  00002b74    0000005c     led_flash.obj (.text)
                  00002bd0    00000044     rtsv7M4_T_le_v4SPD16_eabi.lib : autoinit.c.obj (.text:__TI_auto_init_nobinit_nopinit:__TI_auto_init_nobinit_nopinit)
                  00002c14    0000003e     cpu.obj (.text)
                  00002c52    00000002     --HOLE-- [fill = 0]
                  00002c54    00000034     rtsv7M4_T_le_v4SPD16_eabi.lib : boot_cortex_m.c.obj (.text:_c_int00_noargs:_c_int00_noargs)
                  00002c88    00000020     main.obj (.text)
                  00002ca8    0000001c     rtsv7M4_T_le_v4SPD16_eabi.lib : copy_zero_init.c.obj (.text:decompress:ZI:__TI_zero_init_nomemset:__TI_zero_init_nomemset)
                  00002cc4    0000000e                                   : copy_decompress_none.c.obj (.text:decompress:none:__TI_decompress_none)
                  00002cd2    0000000c     tm4c123gh6pm_startup_ccs.obj (.text)
                  00002cde    00000006     sysctl.obj (.text:SysCtlDelay)
                  00002ce4    00000004     rtsv7M4_T_le_v4SPD16_eabi.lib : pre_init.c.obj (.text:_system_pre_init)
                  00002ce8    00000004                                   : exit.c.obj (.text:abort:abort)

.const     0    00002cec    00000580     
                  00002cec    00000120     sysctl.obj (.const:g_pppui32XTALtoVCO)
                  00002e0c    000000c0     gpio.obj (.const:g_ppui32GPIOIntMapBlizzard)
                  00002ecc    000000c0     gpio.obj (.const:g_ppui32GPIOIntMapSnowflake)
                  00002f8c    0000009c     interrupt.obj (.const:g_pui32Regs)
                  00003028    00000090     gpio.obj (.const:g_pui32GPIOBaseAddrs)
                  000030b8    0000006c     sysctl.obj (.const:g_pui32Xtals)
                  00003124    00000060     timer.obj (.const:g_ppui32TimerIntMap)
                  00003184    00000040     timer.obj (.const:g_ppui32TimerIntMapSnowflake)
                  000031c4    00000030     sysctl.obj (.const:g_sXTALtoMEMTIM)
                  000031f4    00000020     interrupt.obj (.const:g_pui32Priority)
                  00003214    00000014     interrupt.obj (.const:g_pui32Dii16Regs)
                  00003228    00000014     interrupt.obj (.const:g_pui32EnRegs)
                  0000323c    00000014     interrupt.obj (.const:g_pui32PendRegs)
                  00003250    00000014     interrupt.obj (.const:g_pui32UnpendRegs)
                  00003264    00000008     sysctl.obj (.const:g_pui32VCOFrequencies)

.cinit     0    00003270    00000040     
                  00003270    0000000c     (__TI_handler_table)
                  0000327c    00000004     --HOLE-- [fill = 0]
                  00003280    00000008     (.cinit..bss.load) [load image, compression = zero_init]
                  00003288    00000008     (.cinit..vtable.load) [load image, compression = zero_init]
                  00003290    00000005     (.cinit..data.load) [load image, compression = lzss]
                  00003295    00000003     --HOLE-- [fill = 0]
                  00003298    00000018     (__TI_cinit_table)

.init_array 
*          0    00000000    00000000     UNINITIALIZED

.vtable    0    20000000    0000026c     UNINITIALIZED
                  20000000    0000026c     interrupt.obj (.vtable)

.data      0    2000026c    00000001     UNINITIALIZED
                  2000026c    00000001     sch51.obj (.data)

.bss       0    20000470    00000014     UNINITIALIZED
                  20000470    00000010     (.common:SCH_tasks_G)
                  20000480    00000004     led_flash.obj (.bss)

.stack     0    20000270    00000200     UNINITIALIZED
                  20000270    00000004     rtsv7M4_T_le_v4SPD16_eabi.lib : boot_cortex_m.c.obj (.stack)
                  20000274    000001fc     --HOLE--

__llvm_prf_cnts 
*          0    20000000    00000000     UNINITIALIZED

MODULE SUMMARY

       Module                         code    ro data   rw data
       ------                         ----    -------   -------
    .\
       sch51.obj                      620     0         17     
       tm4c123gh6pm_startup_ccs.obj   12      620       0      
       led_flash.obj                  92      0         4      
       main.obj                       32      0         0      
    +--+------------------------------+-------+---------+---------+
       Total:                         756     620       21     
                                                               
    .\driverlib\
       sysctl.obj                     3834    452       0      
       gpio.obj                       3232    528       0      
       interrupt.obj                  960     268       620    
       timer.obj                      1602    160       0      
       cpu.obj                        62      0         0      
    +--+------------------------------+-------+---------+---------+
       Total:                         9690    1408      620    
                                                               
    C:\ti\ccs1020\ccs\tools\compiler\ti-cgt-arm_20.2.2.LTS\lib\rtsv7M4_T_le_v4SPD16_eabi.lib
       memcpy_t2.asm.obj              156     0         0      
       copy_decompress_lzss.c.obj     104     0         0      
       autoinit.c.obj                 68      0         0      
       boot_cortex_m.c.obj            52      0         0      
       copy_zero_init.c.obj           28      0         0      
       copy_decompress_none.c.obj     14      0         0      
       exit.c.obj                     4       0         0      
       pre_init.c.obj                 4       0         0      
    +--+------------------------------+-------+---------+---------+
       Total:                         430     0         0      
                                                               
       Stack:                         0       0         512    
       Linker Generated:              0       57        0      
    +--+------------------------------+-------+---------+---------+
       Grand Total:                   10876   2085      1153   


LINKER GENERATED COPY TABLES

__TI_cinit_table @ 00003298 records: 3, size/record: 8, table size: 24
	.bss: load addr=00003280, load size=00000008 bytes, run addr=20000470, run size=00000014 bytes, compression=zero_init
	.vtable: load addr=00003288, load size=00000008 bytes, run addr=20000000, run size=0000026c bytes, compression=zero_init
	.data: load addr=00003290, load size=00000005 bytes, run addr=2000026c, run size=00000001 bytes, compression=lzss


LINKER GENERATED HANDLER TABLE

__TI_handler_table @ 00003270 records: 3, size/record: 4, table size: 12
	index: 0, handler: __TI_zero_init
	index: 1, handler: __TI_decompress_lzss
	index: 2, handler: __TI_decompress_none


GLOBAL SYMBOLS: SORTED ALPHABETICALLY BY Name 

address   name                            
-------   ----                            
00002ce9  C$$EXIT                         
00002c49  CPUbasepriGet                   
00002c3b  CPUbasepriSet                   
00002c15  CPUcpsid                        
00002c2b  CPUcpsie                        
00002c21  CPUprimask                      
00002c37  CPUwfi                          
2000026c  Error_code_G                    
00001cc3  GPIOADCTriggerDisable           
00001ca5  GPIOADCTriggerEnable            
00001c87  GPIODMATriggerDisable           
00001c69  GPIODMATriggerEnable            
00001d4f  GPIODigitalInMine               
00001ce1  GPIODigitalOutMine              
0000121b  GPIODirModeGet                  
000011bf  GPIODirModeSet                  
00001783  GPIOIntClear                    
00001747  GPIOIntDisable                  
0000172d  GPIOIntEnable                   
00001797  GPIOIntRegister                 
00001761  GPIOIntStatus                   
0000130b  GPIOIntTypeGet                  
00001267  GPIOIntTypeSet                  
000017b5  GPIOIntUnregister               
000015db  GPIOPadConfigGet                
000013a1  GPIOPadConfigSet                
00001c0b  GPIOPinConfigure                
000017cf  GPIOPinRead                     
00001807  GPIOPinTypeADC                  
0000182b  GPIOPinTypeCAN                  
00001bd7  GPIOPinTypeCIR                  
0000184f  GPIOPinTypeComparator           
00001873  GPIOPinTypeEPI                  
00001897  GPIOPinTypeEthernetLED          
000018bb  GPIOPinTypeEthernetMII          
000018df  GPIOPinTypeGPIOInput            
00001903  GPIOPinTypeGPIOOutput           
00001927  GPIOPinTypeGPIOOutputOD         
0000194b  GPIOPinTypeI2C                  
0000196f  GPIOPinTypeI2CSCL               
00001b8f  GPIOPinTypeKBColumn             
00001b6b  GPIOPinTypeKBRow                
00001993  GPIOPinTypeLCD                  
00001bb3  GPIOPinTypeLEDSeq               
000019b7  GPIOPinTypeLPC                  
000019db  GPIOPinTypePECIRx               
000019ff  GPIOPinTypePECITx               
00001a23  GPIOPinTypePWM                  
00001a47  GPIOPinTypeQEI                  
00001a6b  GPIOPinTypeSSI                  
00001a8f  GPIOPinTypeTimer                
00001ab3  GPIOPinTypeUART                 
00001ad7  GPIOPinTypeUSBAnalog            
00001afb  GPIOPinTypeUSBDigital           
00001b1f  GPIOPinTypeWakeHigh             
00001b45  GPIOPinTypeWakeLow              
00001bfb  GPIOPinWakeStatus               
000017e7  GPIOPinWrite                    
00001dbd  GpioISRInit                     
00002605  IntDisable                      
00002593  IntEnable                       
00002677  IntIsEnabled                    
00002457  IntMasterDisable                
00002447  IntMasterEnable                 
0000276d  IntPendClear                    
000026fd  IntPendSet                      
0000256f  IntPriorityGet                  
000024e7  IntPriorityGroupingGet          
000024cd  IntPriorityGroupingSet          
000027c7  IntPriorityMaskGet              
000027bb  IntPriorityMaskSet              
0000251f  IntPrioritySet                  
00002467  IntRegister                     
000027cf  IntTrigger                      
000024b9  IntUnregister                   
00002b75  LED_Flash_Init                  
00002b93  LED_Flash_Update                
00002cd3  ResetISR                        
0000291b  SCH_Add_Task                    
000029f1  SCH_Delete_Task                 
0000298f  SCH_Dispatcher_Tasks            
00002853  SCH_Init_T2                     
20000470  SCH_tasks_G                     
000010ff  SysCtlAltClkConfig              
000008d5  SysCtlClockFreqSet              
00000db9  SysCtlClockGet                  
000010e3  SysCtlClockOutConfig            
00000bed  SysCtlClockSet                  
000007d5  SysCtlDeepSleep                 
00000f85  SysCtlDeepSleepClockConfigSet   
00000f67  SysCtlDeepSleepClockSet         
000007b5  SysCtlDeepSleepPowerSet         
00002cdf  SysCtlDelay                     
00000363  SysCtlFlashSectorSizeGet        
00000337  SysCtlFlashSizeGet              
0000105b  SysCtlGPIOAHBDisable            
0000103f  SysCtlGPIOAHBEnable             
00000749  SysCtlIntClear                  
00000731  SysCtlIntDisable                
0000071d  SysCtlIntEnable                 
000006f5  SysCtlIntRegister               
00000759  SysCtlIntStatus                 
0000070d  SysCtlIntUnregister             
0000079b  SysCtlLDODeepSleepGet           
0000078b  SysCtlLDODeepSleepSet           
00000785  SysCtlLDOSleepGet               
00000775  SysCtlLDOSleepSet               
0000080b  SysCtlMOSCConfigSet             
000010cf  SysCtlNMIClear                  
000010c9  SysCtlNMIStatus                 
00000821  SysCtlPIOSCCalibrate            
00001029  SysCtlPWMClockGet               
0000100f  SysCtlPWMClockSet               
000006a1  SysCtlPeripheralClockGating     
00000659  SysCtlPeripheralDeepSleepDisable
00000609  SysCtlPeripheralDeepSleepEnable 
00000545  SysCtlPeripheralDisable         
00000509  SysCtlPeripheralEnable          
00000445  SysCtlPeripheralPowerOff        
00000409  SysCtlPeripheralPowerOn         
00000389  SysCtlPeripheralPresent         
000003c9  SysCtlPeripheralReady           
00000481  SysCtlPeripheralReset           
000005cd  SysCtlPeripheralSleepDisable    
00000589  SysCtlPeripheralSleepEnable     
000007c5  SysCtlReset                     
00000881  SysCtlResetBehaviorGet          
00000871  SysCtlResetBehaviorSet          
000007f7  SysCtlResetCauseClear           
000007f1  SysCtlResetCauseGet             
0000032d  SysCtlSRAMSizeGet               
000007cd  SysCtlSleep                     
000007a1  SysCtlSleepPowerSet             
00001089  SysCtlUSBPLLDisable             
00001077  SysCtlUSBPLLEnable              
000010b5  SysCtlVoltageEventClear         
00001099  SysCtlVoltageEventConfig        
000010a9  SysCtlVoltageEventStatus        
000023c1  TimerADCEventGet                
000023af  TimerADCEventSet                
000020e5  TimerClockSourceGet             
000020bb  TimerClockSourceSet             
00001eaf  TimerConfigure                  
00001fcf  TimerControlEvent               
00001f2b  TimerControlLevel               
00001ff9  TimerControlStall               
00001f61  TimerControlTrigger             
0000202f  TimerControlWaitOnTrigger       
000023e1  TimerDMAEventGet                
000023cf  TimerDMAEventSet                
00001e91  TimerDisable                    
00001e73  TimerEnable                     
0000238b  TimerIntClear                   
00002355  TimerIntDisable                 
0000233d  TimerIntEnable                  
000022f7  TimerIntRegister                
0000236d  TimerIntStatus                  
0000231f  TimerIntUnregister              
000021af  TimerLoadGet                    
000021e5  TimerLoadGet64                  
00002185  TimerLoadSet                    
000021cb  TimerLoadSet64                  
0000228f  TimerMatchGet                   
000022c5  TimerMatchGet64                 
00002265  TimerMatchSet                   
000022ab  TimerMatchSet64                 
0000211f  TimerPrescaleGet                
00002169  TimerPrescaleMatchGet           
0000213b  TimerPrescaleMatchSet           
000020f5  TimerPrescaleSet                
000020a5  TimerRTCDisable                 
0000208f  TimerRTCEnable                  
0000239d  TimerSynchronize                
000023ef  TimerUpdateMode                 
00002217  TimerValueGet                   
00002233  TimerValueGet64                 
20000470  __STACK_END                     
00000200  __STACK_SIZE                    
20000470  __STACK_TOP                     
00003298  __TI_CINIT_Base                 
000032b0  __TI_CINIT_Limit                
00003270  __TI_Handler_Table_Base         
0000327c  __TI_Handler_Table_Limit        
00002bd1  __TI_auto_init_nobinit_nopinit  
00002b0d  __TI_decompress_lzss            
00002cc5  __TI_decompress_none            
ffffffff  __TI_pprof_out_hndl             
ffffffff  __TI_prof_data_size             
ffffffff  __TI_prof_data_start            
00000000  __TI_static_base__              
00002ca9  __TI_zero_init_nomemset         
00002a71  __aeabi_memcpy                  
00002a71  __aeabi_memcpy4                 
00002a71  __aeabi_memcpy8                 
ffffffff  __binit__                       
ffffffff  __c_args__                      
UNDEFED   __mpu_init                      
20000270  __stack                         
20000000  __start___llvm_prf_cnts         
20000000  __stop___llvm_prf_cnts          
00002c55  _c_int00_noargs                 
UNDEFED   _system_post_cinit              
00002ce5  _system_pre_init                
00002ce9  abort                           
ffffffff  binit                           
20000000  g_pfnRAMVectors                 
00000000  g_pfnVectors                    
00002c89  main                            
00002a71  memcpy                          


GLOBAL SYMBOLS: SORTED BY Symbol Address 

address   name                            
-------   ----                            
00000000  __TI_static_base__              
00000000  g_pfnVectors                    
00000200  __STACK_SIZE                    
0000032d  SysCtlSRAMSizeGet               
00000337  SysCtlFlashSizeGet              
00000363  SysCtlFlashSectorSizeGet        
00000389  SysCtlPeripheralPresent         
000003c9  SysCtlPeripheralReady           
00000409  SysCtlPeripheralPowerOn         
00000445  SysCtlPeripheralPowerOff        
00000481  SysCtlPeripheralReset           
00000509  SysCtlPeripheralEnable          
00000545  SysCtlPeripheralDisable         
00000589  SysCtlPeripheralSleepEnable     
000005cd  SysCtlPeripheralSleepDisable    
00000609  SysCtlPeripheralDeepSleepEnable 
00000659  SysCtlPeripheralDeepSleepDisable
000006a1  SysCtlPeripheralClockGating     
000006f5  SysCtlIntRegister               
0000070d  SysCtlIntUnregister             
0000071d  SysCtlIntEnable                 
00000731  SysCtlIntDisable                
00000749  SysCtlIntClear                  
00000759  SysCtlIntStatus                 
00000775  SysCtlLDOSleepSet               
00000785  SysCtlLDOSleepGet               
0000078b  SysCtlLDODeepSleepSet           
0000079b  SysCtlLDODeepSleepGet           
000007a1  SysCtlSleepPowerSet             
000007b5  SysCtlDeepSleepPowerSet         
000007c5  SysCtlReset                     
000007cd  SysCtlSleep                     
000007d5  SysCtlDeepSleep                 
000007f1  SysCtlResetCauseGet             
000007f7  SysCtlResetCauseClear           
0000080b  SysCtlMOSCConfigSet             
00000821  SysCtlPIOSCCalibrate            
00000871  SysCtlResetBehaviorSet          
00000881  SysCtlResetBehaviorGet          
000008d5  SysCtlClockFreqSet              
00000bed  SysCtlClockSet                  
00000db9  SysCtlClockGet                  
00000f67  SysCtlDeepSleepClockSet         
00000f85  SysCtlDeepSleepClockConfigSet   
0000100f  SysCtlPWMClockSet               
00001029  SysCtlPWMClockGet               
0000103f  SysCtlGPIOAHBEnable             
0000105b  SysCtlGPIOAHBDisable            
00001077  SysCtlUSBPLLEnable              
00001089  SysCtlUSBPLLDisable             
00001099  SysCtlVoltageEventConfig        
000010a9  SysCtlVoltageEventStatus        
000010b5  SysCtlVoltageEventClear         
000010c9  SysCtlNMIStatus                 
000010cf  SysCtlNMIClear                  
000010e3  SysCtlClockOutConfig            
000010ff  SysCtlAltClkConfig              
000011bf  GPIODirModeSet                  
0000121b  GPIODirModeGet                  
00001267  GPIOIntTypeSet                  
0000130b  GPIOIntTypeGet                  
000013a1  GPIOPadConfigSet                
000015db  GPIOPadConfigGet                
0000172d  GPIOIntEnable                   
00001747  GPIOIntDisable                  
00001761  GPIOIntStatus                   
00001783  GPIOIntClear                    
00001797  GPIOIntRegister                 
000017b5  GPIOIntUnregister               
000017cf  GPIOPinRead                     
000017e7  GPIOPinWrite                    
00001807  GPIOPinTypeADC                  
0000182b  GPIOPinTypeCAN                  
0000184f  GPIOPinTypeComparator           
00001873  GPIOPinTypeEPI                  
00001897  GPIOPinTypeEthernetLED          
000018bb  GPIOPinTypeEthernetMII          
000018df  GPIOPinTypeGPIOInput            
00001903  GPIOPinTypeGPIOOutput           
00001927  GPIOPinTypeGPIOOutputOD         
0000194b  GPIOPinTypeI2C                  
0000196f  GPIOPinTypeI2CSCL               
00001993  GPIOPinTypeLCD                  
000019b7  GPIOPinTypeLPC                  
000019db  GPIOPinTypePECIRx               
000019ff  GPIOPinTypePECITx               
00001a23  GPIOPinTypePWM                  
00001a47  GPIOPinTypeQEI                  
00001a6b  GPIOPinTypeSSI                  
00001a8f  GPIOPinTypeTimer                
00001ab3  GPIOPinTypeUART                 
00001ad7  GPIOPinTypeUSBAnalog            
00001afb  GPIOPinTypeUSBDigital           
00001b1f  GPIOPinTypeWakeHigh             
00001b45  GPIOPinTypeWakeLow              
00001b6b  GPIOPinTypeKBRow                
00001b8f  GPIOPinTypeKBColumn             
00001bb3  GPIOPinTypeLEDSeq               
00001bd7  GPIOPinTypeCIR                  
00001bfb  GPIOPinWakeStatus               
00001c0b  GPIOPinConfigure                
00001c69  GPIODMATriggerEnable            
00001c87  GPIODMATriggerDisable           
00001ca5  GPIOADCTriggerEnable            
00001cc3  GPIOADCTriggerDisable           
00001ce1  GPIODigitalOutMine              
00001d4f  GPIODigitalInMine               
00001dbd  GpioISRInit                     
00001e73  TimerEnable                     
00001e91  TimerDisable                    
00001eaf  TimerConfigure                  
00001f2b  TimerControlLevel               
00001f61  TimerControlTrigger             
00001fcf  TimerControlEvent               
00001ff9  TimerControlStall               
0000202f  TimerControlWaitOnTrigger       
0000208f  TimerRTCEnable                  
000020a5  TimerRTCDisable                 
000020bb  TimerClockSourceSet             
000020e5  TimerClockSourceGet             
000020f5  TimerPrescaleSet                
0000211f  TimerPrescaleGet                
0000213b  TimerPrescaleMatchSet           
00002169  TimerPrescaleMatchGet           
00002185  TimerLoadSet                    
000021af  TimerLoadGet                    
000021cb  TimerLoadSet64                  
000021e5  TimerLoadGet64                  
00002217  TimerValueGet                   
00002233  TimerValueGet64                 
00002265  TimerMatchSet                   
0000228f  TimerMatchGet                   
000022ab  TimerMatchSet64                 
000022c5  TimerMatchGet64                 
000022f7  TimerIntRegister                
0000231f  TimerIntUnregister              
0000233d  TimerIntEnable                  
00002355  TimerIntDisable                 
0000236d  TimerIntStatus                  
0000238b  TimerIntClear                   
0000239d  TimerSynchronize                
000023af  TimerADCEventSet                
000023c1  TimerADCEventGet                
000023cf  TimerDMAEventSet                
000023e1  TimerDMAEventGet                
000023ef  TimerUpdateMode                 
00002447  IntMasterEnable                 
00002457  IntMasterDisable                
00002467  IntRegister                     
000024b9  IntUnregister                   
000024cd  IntPriorityGroupingSet          
000024e7  IntPriorityGroupingGet          
0000251f  IntPrioritySet                  
0000256f  IntPriorityGet                  
00002593  IntEnable                       
00002605  IntDisable                      
00002677  IntIsEnabled                    
000026fd  IntPendSet                      
0000276d  IntPendClear                    
000027bb  IntPriorityMaskSet              
000027c7  IntPriorityMaskGet              
000027cf  IntTrigger                      
00002853  SCH_Init_T2                     
0000291b  SCH_Add_Task                    
0000298f  SCH_Dispatcher_Tasks            
000029f1  SCH_Delete_Task                 
00002a71  __aeabi_memcpy                  
00002a71  __aeabi_memcpy4                 
00002a71  __aeabi_memcpy8                 
00002a71  memcpy                          
00002b0d  __TI_decompress_lzss            
00002b75  LED_Flash_Init                  
00002b93  LED_Flash_Update                
00002bd1  __TI_auto_init_nobinit_nopinit  
00002c15  CPUcpsid                        
00002c21  CPUprimask                      
00002c2b  CPUcpsie                        
00002c37  CPUwfi                          
00002c3b  CPUbasepriSet                   
00002c49  CPUbasepriGet                   
00002c55  _c_int00_noargs                 
00002c89  main                            
00002ca9  __TI_zero_init_nomemset         
00002cc5  __TI_decompress_none            
00002cd3  ResetISR                        
00002cdf  SysCtlDelay                     
00002ce5  _system_pre_init                
00002ce9  C$$EXIT                         
00002ce9  abort                           
00003270  __TI_Handler_Table_Base         
0000327c  __TI_Handler_Table_Limit        
00003298  __TI_CINIT_Base                 
000032b0  __TI_CINIT_Limit                
20000000  __start___llvm_prf_cnts         
20000000  __stop___llvm_prf_cnts          
20000000  g_pfnRAMVectors                 
2000026c  Error_code_G                    
20000270  __stack                         
20000470  SCH_tasks_G                     
20000470  __STACK_END                     
20000470  __STACK_TOP                     
ffffffff  __TI_pprof_out_hndl             
ffffffff  __TI_prof_data_size             
ffffffff  __TI_prof_data_start            
ffffffff  __binit__                       
ffffffff  __c_args__                      
ffffffff  binit                           
UNDEFED   __mpu_init                      
UNDEFED   _system_post_cinit              

[209 symbols]
