******************************************************************************
                  TI ARM Linker PC v20.2.2                     
******************************************************************************
>> Linked Tue May  4 06:31:01 2021

OUTPUT FILE NAME:   <Chapter19.out>
ENTRY POINT SYMBOL: "_c_int00_noargs"  address: 00002d69


MEMORY CONFIGURATION

         name            origin    length      used     unused   attr    fill
----------------------  --------  ---------  --------  --------  ----  --------
  FLASH                 00000000   00040000  000033d4  0003cc2c  R  X
  SRAM                  20000000   00008000  00000491  00007b6f  RW X


SEGMENT ALLOCATION MAP

run origin  load origin   length   init length attrs members
----------  ----------- ---------- ----------- ----- -------
00000000    00000000    000033d8   000033d8    r-x
  00000000    00000000    0000026c   0000026c    r-- .intvecs
  0000026c    0000026c    00002ba8   00002ba8    r-x .text
  00002e14    00002e14    00000580   00000580    r-- .const
  00003398    00003398    00000040   00000040    r-- .cinit
20000000    20000000    00000492   00000000    rw-
  20000000    20000000    0000026c   00000000    rw- .vtable
  2000026c    2000026c    00000003   00000000    rw- .data
  20000270    20000270    00000200   00000000    rw- .stack
  20000470    20000470    00000022   00000000    rw- .bss


SECTION ALLOCATION MAP

 output                                  attributes/
section   page    origin      length       input sections
--------  ----  ----------  ----------   ----------------
.intvecs   0    00000000    0000026c     
                  00000000    0000026c     tm4c123gh6pm_startup_ccs.obj (.intvecs)

.text      0    0000026c    00002ba8     
                  0000026c    00000ef4     sysctl.obj (.text)
                  00001160    00000ca0     gpio.obj (.text)
                  00001e00    00000642     timer.obj (.text)
                  00002442    00000002     --HOLE-- [fill = 0]
                  00002444    000003c0     interrupt.obj (.text)
                  00002804    000002e8     sch.obj (.text)
                  00002aec    0000009c     rtsv7M4_T_le_v4SPD16_eabi.lib : memcpy_t2.asm.obj (.text)
                  00002b88    00000084     sw_prog.obj (.text)
                  00002c0c    00000070     led.obj (.text)
                  00002c7c    00000068     rtsv7M4_T_le_v4SPD16_eabi.lib : copy_decompress_lzss.c.obj (.text:decompress:lzss:__TI_decompress_lzss)
                  00002ce4    00000044                                   : autoinit.c.obj (.text:__TI_auto_init_nobinit_nopinit:__TI_auto_init_nobinit_nopinit)
                  00002d28    0000003e     cpu.obj (.text)
                  00002d66    00000002     --HOLE-- [fill = 0]
                  00002d68    00000034     rtsv7M4_T_le_v4SPD16_eabi.lib : boot_cortex_m.c.obj (.text:_c_int00_noargs:_c_int00_noargs)
                  00002d9c    00000034     main.obj (.text)
                  00002dd0    0000001c     rtsv7M4_T_le_v4SPD16_eabi.lib : copy_zero_init.c.obj (.text:decompress:ZI:__TI_zero_init_nomemset:__TI_zero_init_nomemset)
                  00002dec    0000000e                                   : copy_decompress_none.c.obj (.text:decompress:none:__TI_decompress_none)
                  00002dfa    0000000c     tm4c123gh6pm_startup_ccs.obj (.text)
                  00002e06    00000006     sysctl.obj (.text:SysCtlDelay)
                  00002e0c    00000004     rtsv7M4_T_le_v4SPD16_eabi.lib : pre_init.c.obj (.text:_system_pre_init)
                  00002e10    00000004                                   : exit.c.obj (.text:abort:abort)

.const     0    00002e14    00000580     
                  00002e14    00000120     sysctl.obj (.const:g_pppui32XTALtoVCO)
                  00002f34    000000c0     gpio.obj (.const:g_ppui32GPIOIntMapBlizzard)
                  00002ff4    000000c0     gpio.obj (.const:g_ppui32GPIOIntMapSnowflake)
                  000030b4    0000009c     interrupt.obj (.const:g_pui32Regs)
                  00003150    00000090     gpio.obj (.const:g_pui32GPIOBaseAddrs)
                  000031e0    0000006c     sysctl.obj (.const:g_pui32Xtals)
                  0000324c    00000060     timer.obj (.const:g_ppui32TimerIntMap)
                  000032ac    00000040     timer.obj (.const:g_ppui32TimerIntMapSnowflake)
                  000032ec    00000030     sysctl.obj (.const:g_sXTALtoMEMTIM)
                  0000331c    00000020     interrupt.obj (.const:g_pui32Priority)
                  0000333c    00000014     interrupt.obj (.const:g_pui32Dii16Regs)
                  00003350    00000014     interrupt.obj (.const:g_pui32EnRegs)
                  00003364    00000014     interrupt.obj (.const:g_pui32PendRegs)
                  00003378    00000014     interrupt.obj (.const:g_pui32UnpendRegs)
                  0000338c    00000008     sysctl.obj (.const:g_pui32VCOFrequencies)

.cinit     0    00003398    00000040     
                  00003398    0000000c     (__TI_handler_table)
                  000033a4    00000004     --HOLE-- [fill = 0]
                  000033a8    00000008     (.cinit..bss.load) [load image, compression = zero_init]
                  000033b0    00000008     (.cinit..vtable.load) [load image, compression = zero_init]
                  000033b8    00000007     (.cinit..data.load) [load image, compression = lzss]
                  000033bf    00000001     --HOLE-- [fill = 0]
                  000033c0    00000018     (__TI_cinit_table)

.init_array 
*          0    00000000    00000000     UNINITIALIZED

.vtable    0    20000000    0000026c     UNINITIALIZED
                  20000000    0000026c     interrupt.obj (.vtable)

.data      0    2000026c    00000003     UNINITIALIZED
                  2000026c    00000002     sch.obj (.data)
                  2000026e    00000001     sw_prog.obj (.data)

.bss       0    20000470    00000022     UNINITIALIZED
                  20000470    00000020     (.common:SCH_tasks_G)
                  20000490    00000001     led.obj (.bss)
                  20000491    00000001     sw_prog.obj (.bss)

.stack     0    20000270    00000200     UNINITIALIZED
                  20000270    00000004     rtsv7M4_T_le_v4SPD16_eabi.lib : boot_cortex_m.c.obj (.stack)
                  20000274    000001fc     --HOLE--

__llvm_prf_cnts 
*          0    20000000    00000000     UNINITIALIZED

MODULE SUMMARY

       Module                         code    ro data   rw data
       ------                         ----    -------   -------
    .\
       sch.obj                        744     0         34     
       tm4c123gh6pm_startup_ccs.obj   12      620       0      
       sw_prog.obj                    132     0         2      
       led.obj                        112     0         1      
       main.obj                       52      0         0      
    +--+------------------------------+-------+---------+---------+
       Total:                         1052    620       37     
                                                               
    .\driverlib\
       sysctl.obj                     3834    452       0      
       gpio.obj                       3232    528       0      
       interrupt.obj                  960     268       620    
       timer.obj                      1602    160       0      
       cpu.obj                        62      0         0      
    +--+------------------------------+-------+---------+---------+
       Total:                         9690    1408      620    
                                                               
    C:\ti\ccs1020\ccs\tools\compiler\ti-cgt-arm_20.2.2.LTS\lib\rtsv7M4_T_le_v4SPD16_eabi.lib
       memcpy_t2.asm.obj              156     0         0      
       copy_decompress_lzss.c.obj     104     0         0      
       autoinit.c.obj                 68      0         0      
       boot_cortex_m.c.obj            52      0         0      
       copy_zero_init.c.obj           28      0         0      
       copy_decompress_none.c.obj     14      0         0      
       exit.c.obj                     4       0         0      
       pre_init.c.obj                 4       0         0      
    +--+------------------------------+-------+---------+---------+
       Total:                         430     0         0      
                                                               
       Stack:                         0       0         512    
       Linker Generated:              0       59        0      
    +--+------------------------------+-------+---------+---------+
       Grand Total:                   11172   2087      1169   


LINKER GENERATED COPY TABLES

__TI_cinit_table @ 000033c0 records: 3, size/record: 8, table size: 24
	.bss: load addr=000033a8, load size=00000008 bytes, run addr=20000470, run size=00000022 bytes, compression=zero_init
	.vtable: load addr=000033b0, load size=00000008 bytes, run addr=20000000, run size=0000026c bytes, compression=zero_init
	.data: load addr=000033b8, load size=00000007 bytes, run addr=2000026c, run size=00000003 bytes, compression=lzss


LINKER GENERATED HANDLER TABLE

__TI_handler_table @ 00003398 records: 3, size/record: 4, table size: 12
	index: 0, handler: __TI_zero_init
	index: 1, handler: __TI_decompress_lzss
	index: 2, handler: __TI_decompress_none


GLOBAL SYMBOLS: SORTED ALPHABETICALLY BY Name 

address   name                            
-------   ----                            
00002e11  C$$EXIT                         
00002d5d  CPUbasepriGet                   
00002d4f  CPUbasepriSet                   
00002d29  CPUcpsid                        
00002d3f  CPUcpsie                        
00002d35  CPUprimask                      
00002d4b  CPUwfi                          
00001cc3  GPIOADCTriggerDisable           
00001ca5  GPIOADCTriggerEnable            
00001c87  GPIODMATriggerDisable           
00001c69  GPIODMATriggerEnable            
00001d4f  GPIODigitalInMine               
00001ce1  GPIODigitalOutMine              
0000121b  GPIODirModeGet                  
000011bf  GPIODirModeSet                  
00001783  GPIOIntClear                    
00001747  GPIOIntDisable                  
0000172d  GPIOIntEnable                   
00001797  GPIOIntRegister                 
00001761  GPIOIntStatus                   
0000130b  GPIOIntTypeGet                  
00001267  GPIOIntTypeSet                  
000017b5  GPIOIntUnregister               
000015db  GPIOPadConfigGet                
000013a1  GPIOPadConfigSet                
00001c0b  GPIOPinConfigure                
000017cf  GPIOPinRead                     
00001807  GPIOPinTypeADC                  
0000182b  GPIOPinTypeCAN                  
00001bd7  GPIOPinTypeCIR                  
0000184f  GPIOPinTypeComparator           
00001873  GPIOPinTypeEPI                  
00001897  GPIOPinTypeEthernetLED          
000018bb  GPIOPinTypeEthernetMII          
000018df  GPIOPinTypeGPIOInput            
00001903  GPIOPinTypeGPIOOutput           
00001927  GPIOPinTypeGPIOOutputOD         
0000194b  GPIOPinTypeI2C                  
0000196f  GPIOPinTypeI2CSCL               
00001b8f  GPIOPinTypeKBColumn             
00001b6b  GPIOPinTypeKBRow                
00001993  GPIOPinTypeLCD                  
00001bb3  GPIOPinTypeLEDSeq               
000019b7  GPIOPinTypeLPC                  
000019db  GPIOPinTypePECIRx               
000019ff  GPIOPinTypePECITx               
00001a23  GPIOPinTypePWM                  
00001a47  GPIOPinTypeQEI                  
00001a6b  GPIOPinTypeSSI                  
00001a8f  GPIOPinTypeTimer                
00001ab3  GPIOPinTypeUART                 
00001ad7  GPIOPinTypeUSBAnalog            
00001afb  GPIOPinTypeUSBDigital           
00001b1f  GPIOPinTypeWakeHigh             
00001b45  GPIOPinTypeWakeLow              
00001bfb  GPIOPinWakeStatus               
000017e7  GPIOPinWrite                    
00001dbd  GpioISRInit                     
00002aa9  HW_sch_init                     
00002a77  HW_sch_update                   
00002605  IntDisable                      
00002593  IntEnable                       
00002677  IntIsEnabled                    
00002457  IntMasterDisable                
00002447  IntMasterEnable                 
0000276d  IntPendClear                    
000026fd  IntPendSet                      
0000256f  IntPriorityGet                  
000024e7  IntPriorityGroupingGet          
000024cd  IntPriorityGroupingSet          
000027c7  IntPriorityMaskGet              
000027bb  IntPriorityMaskSet              
0000251f  IntPrioritySet                  
00002467  IntRegister                     
000027cf  IntTrigger                      
000024b9  IntUnregister                   
00002c0d  LED_flash_init                  
00002c31  LED_flash_update                
00002dfb  ResetISR                        
00002927  SCH_Add_Task                    
00002a17  SCH_Delete_Task                 
0000299b  SCH_Dispatcher_Tasks            
00002853  SCH_Init_T2                     
00002abd  SCH_Report_Status               
20000470  SCH_tasks_G                     
00002bd1  SW_HW_init                      
2000026e  SW_pressed_G                    
000010ff  SysCtlAltClkConfig              
000008d5  SysCtlClockFreqSet              
00000db9  SysCtlClockGet                  
000010e3  SysCtlClockOutConfig            
00000bed  SysCtlClockSet                  
000007d5  SysCtlDeepSleep                 
00000f85  SysCtlDeepSleepClockConfigSet   
00000f67  SysCtlDeepSleepClockSet         
000007b5  SysCtlDeepSleepPowerSet         
00002e07  SysCtlDelay                     
00000363  SysCtlFlashSectorSizeGet        
00000337  SysCtlFlashSizeGet              
0000105b  SysCtlGPIOAHBDisable            
0000103f  SysCtlGPIOAHBEnable             
00000749  SysCtlIntClear                  
00000731  SysCtlIntDisable                
0000071d  SysCtlIntEnable                 
000006f5  SysCtlIntRegister               
00000759  SysCtlIntStatus                 
0000070d  SysCtlIntUnregister             
0000079b  SysCtlLDODeepSleepGet           
0000078b  SysCtlLDODeepSleepSet           
00000785  SysCtlLDOSleepGet               
00000775  SysCtlLDOSleepSet               
0000080b  SysCtlMOSCConfigSet             
000010cf  SysCtlNMIClear                  
000010c9  SysCtlNMIStatus                 
00000821  SysCtlPIOSCCalibrate            
00001029  SysCtlPWMClockGet               
0000100f  SysCtlPWMClockSet               
000006a1  SysCtlPeripheralClockGating     
00000659  SysCtlPeripheralDeepSleepDisable
00000609  SysCtlPeripheralDeepSleepEnable 
00000545  SysCtlPeripheralDisable         
00000509  SysCtlPeripheralEnable          
00000445  SysCtlPeripheralPowerOff        
00000409  SysCtlPeripheralPowerOn         
00000389  SysCtlPeripheralPresent         
000003c9  SysCtlPeripheralReady           
00000481  SysCtlPeripheralReset           
000005cd  SysCtlPeripheralSleepDisable    
00000589  SysCtlPeripheralSleepEnable     
000007c5  SysCtlReset                     
00000881  SysCtlResetBehaviorGet          
00000871  SysCtlResetBehaviorSet          
000007f7  SysCtlResetCauseClear           
000007f1  SysCtlResetCauseGet             
0000032d  SysCtlSRAMSizeGet               
000007cd  SysCtlSleep                     
000007a1  SysCtlSleepPowerSet             
00001089  SysCtlUSBPLLDisable             
00001077  SysCtlUSBPLLEnable              
000010b5  SysCtlVoltageEventClear         
00001099  SysCtlVoltageEventConfig        
000010a9  SysCtlVoltageEventStatus        
000023c1  TimerADCEventGet                
000023af  TimerADCEventSet                
000020e5  TimerClockSourceGet             
000020bb  TimerClockSourceSet             
00001eaf  TimerConfigure                  
00001fcf  TimerControlEvent               
00001f2b  TimerControlLevel               
00001ff9  TimerControlStall               
00001f61  TimerControlTrigger             
0000202f  TimerControlWaitOnTrigger       
000023e1  TimerDMAEventGet                
000023cf  TimerDMAEventSet                
00001e91  TimerDisable                    
00001e73  TimerEnable                     
0000238b  TimerIntClear                   
00002355  TimerIntDisable                 
0000233d  TimerIntEnable                  
000022f7  TimerIntRegister                
0000236d  TimerIntStatus                  
0000231f  TimerIntUnregister              
000021af  TimerLoadGet                    
000021e5  TimerLoadGet64                  
00002185  TimerLoadSet                    
000021cb  TimerLoadSet64                  
0000228f  TimerMatchGet                   
000022c5  TimerMatchGet64                 
00002265  TimerMatchSet                   
000022ab  TimerMatchSet64                 
0000211f  TimerPrescaleGet                
00002169  TimerPrescaleMatchGet           
0000213b  TimerPrescaleMatchSet           
000020f5  TimerPrescaleSet                
000020a5  TimerRTCDisable                 
0000208f  TimerRTCEnable                  
0000239d  TimerSynchronize                
000023ef  TimerUpdateMode                 
00002217  TimerValueGet                   
00002233  TimerValueGet64                 
20000470  __STACK_END                     
00000200  __STACK_SIZE                    
20000470  __STACK_TOP                     
000033c0  __TI_CINIT_Base                 
000033d8  __TI_CINIT_Limit                
00003398  __TI_Handler_Table_Base         
000033a4  __TI_Handler_Table_Limit        
00002ce5  __TI_auto_init_nobinit_nopinit  
00002c7d  __TI_decompress_lzss            
00002ded  __TI_decompress_none            
ffffffff  __TI_pprof_out_hndl             
ffffffff  __TI_prof_data_size             
ffffffff  __TI_prof_data_start            
00000000  __TI_static_base__              
00002dd1  __TI_zero_init_nomemset         
00002aed  __aeabi_memcpy                  
00002aed  __aeabi_memcpy4                 
00002aed  __aeabi_memcpy8                 
ffffffff  __binit__                       
ffffffff  __c_args__                      
UNDEFED   __mpu_init                      
20000270  __stack                         
20000000  __start___llvm_prf_cnts         
20000000  __stop___llvm_prf_cnts          
00002d69  _c_int00_noargs                 
UNDEFED   _system_post_cinit              
00002e0d  _system_pre_init                
00002e11  abort                           
ffffffff  binit                           
20000000  g_pfnRAMVectors                 
00000000  g_pfnVectors                    
00002d9d  main                            
00002aed  memcpy                          
00002b89  switch_init                     
00002b91  switch_update                   


GLOBAL SYMBOLS: SORTED BY Symbol Address 

address   name                            
-------   ----                            
00000000  __TI_static_base__              
00000000  g_pfnVectors                    
00000200  __STACK_SIZE                    
0000032d  SysCtlSRAMSizeGet               
00000337  SysCtlFlashSizeGet              
00000363  SysCtlFlashSectorSizeGet        
00000389  SysCtlPeripheralPresent         
000003c9  SysCtlPeripheralReady           
00000409  SysCtlPeripheralPowerOn         
00000445  SysCtlPeripheralPowerOff        
00000481  SysCtlPeripheralReset           
00000509  SysCtlPeripheralEnable          
00000545  SysCtlPeripheralDisable         
00000589  SysCtlPeripheralSleepEnable     
000005cd  SysCtlPeripheralSleepDisable    
00000609  SysCtlPeripheralDeepSleepEnable 
00000659  SysCtlPeripheralDeepSleepDisable
000006a1  SysCtlPeripheralClockGating     
000006f5  SysCtlIntRegister               
0000070d  SysCtlIntUnregister             
0000071d  SysCtlIntEnable                 
00000731  SysCtlIntDisable                
00000749  SysCtlIntClear                  
00000759  SysCtlIntStatus                 
00000775  SysCtlLDOSleepSet               
00000785  SysCtlLDOSleepGet               
0000078b  SysCtlLDODeepSleepSet           
0000079b  SysCtlLDODeepSleepGet           
000007a1  SysCtlSleepPowerSet             
000007b5  SysCtlDeepSleepPowerSet         
000007c5  SysCtlReset                     
000007cd  SysCtlSleep                     
000007d5  SysCtlDeepSleep                 
000007f1  SysCtlResetCauseGet             
000007f7  SysCtlResetCauseClear           
0000080b  SysCtlMOSCConfigSet             
00000821  SysCtlPIOSCCalibrate            
00000871  SysCtlResetBehaviorSet          
00000881  SysCtlResetBehaviorGet          
000008d5  SysCtlClockFreqSet              
00000bed  SysCtlClockSet                  
00000db9  SysCtlClockGet                  
00000f67  SysCtlDeepSleepClockSet         
00000f85  SysCtlDeepSleepClockConfigSet   
0000100f  SysCtlPWMClockSet               
00001029  SysCtlPWMClockGet               
0000103f  SysCtlGPIOAHBEnable             
0000105b  SysCtlGPIOAHBDisable            
00001077  SysCtlUSBPLLEnable              
00001089  SysCtlUSBPLLDisable             
00001099  SysCtlVoltageEventConfig        
000010a9  SysCtlVoltageEventStatus        
000010b5  SysCtlVoltageEventClear         
000010c9  SysCtlNMIStatus                 
000010cf  SysCtlNMIClear                  
000010e3  SysCtlClockOutConfig            
000010ff  SysCtlAltClkConfig              
000011bf  GPIODirModeSet                  
0000121b  GPIODirModeGet                  
00001267  GPIOIntTypeSet                  
0000130b  GPIOIntTypeGet                  
000013a1  GPIOPadConfigSet                
000015db  GPIOPadConfigGet                
0000172d  GPIOIntEnable                   
00001747  GPIOIntDisable                  
00001761  GPIOIntStatus                   
00001783  GPIOIntClear                    
00001797  GPIOIntRegister                 
000017b5  GPIOIntUnregister               
000017cf  GPIOPinRead                     
000017e7  GPIOPinWrite                    
00001807  GPIOPinTypeADC                  
0000182b  GPIOPinTypeCAN                  
0000184f  GPIOPinTypeComparator           
00001873  GPIOPinTypeEPI                  
00001897  GPIOPinTypeEthernetLED          
000018bb  GPIOPinTypeEthernetMII          
000018df  GPIOPinTypeGPIOInput            
00001903  GPIOPinTypeGPIOOutput           
00001927  GPIOPinTypeGPIOOutputOD         
0000194b  GPIOPinTypeI2C                  
0000196f  GPIOPinTypeI2CSCL               
00001993  GPIOPinTypeLCD                  
000019b7  GPIOPinTypeLPC                  
000019db  GPIOPinTypePECIRx               
000019ff  GPIOPinTypePECITx               
00001a23  GPIOPinTypePWM                  
00001a47  GPIOPinTypeQEI                  
00001a6b  GPIOPinTypeSSI                  
00001a8f  GPIOPinTypeTimer                
00001ab3  GPIOPinTypeUART                 
00001ad7  GPIOPinTypeUSBAnalog            
00001afb  GPIOPinTypeUSBDigital           
00001b1f  GPIOPinTypeWakeHigh             
00001b45  GPIOPinTypeWakeLow              
00001b6b  GPIOPinTypeKBRow                
00001b8f  GPIOPinTypeKBColumn             
00001bb3  GPIOPinTypeLEDSeq               
00001bd7  GPIOPinTypeCIR                  
00001bfb  GPIOPinWakeStatus               
00001c0b  GPIOPinConfigure                
00001c69  GPIODMATriggerEnable            
00001c87  GPIODMATriggerDisable           
00001ca5  GPIOADCTriggerEnable            
00001cc3  GPIOADCTriggerDisable           
00001ce1  GPIODigitalOutMine              
00001d4f  GPIODigitalInMine               
00001dbd  GpioISRInit                     
00001e73  TimerEnable                     
00001e91  TimerDisable                    
00001eaf  TimerConfigure                  
00001f2b  TimerControlLevel               
00001f61  TimerControlTrigger             
00001fcf  TimerControlEvent               
00001ff9  TimerControlStall               
0000202f  TimerControlWaitOnTrigger       
0000208f  TimerRTCEnable                  
000020a5  TimerRTCDisable                 
000020bb  TimerClockSourceSet             
000020e5  TimerClockSourceGet             
000020f5  TimerPrescaleSet                
0000211f  TimerPrescaleGet                
0000213b  TimerPrescaleMatchSet           
00002169  TimerPrescaleMatchGet           
00002185  TimerLoadSet                    
000021af  TimerLoadGet                    
000021cb  TimerLoadSet64                  
000021e5  TimerLoadGet64                  
00002217  TimerValueGet                   
00002233  TimerValueGet64                 
00002265  TimerMatchSet                   
0000228f  TimerMatchGet                   
000022ab  TimerMatchSet64                 
000022c5  TimerMatchGet64                 
000022f7  TimerIntRegister                
0000231f  TimerIntUnregister              
0000233d  TimerIntEnable                  
00002355  TimerIntDisable                 
0000236d  TimerIntStatus                  
0000238b  TimerIntClear                   
0000239d  TimerSynchronize                
000023af  TimerADCEventSet                
000023c1  TimerADCEventGet                
000023cf  TimerDMAEventSet                
000023e1  TimerDMAEventGet                
000023ef  TimerUpdateMode                 
00002447  IntMasterEnable                 
00002457  IntMasterDisable                
00002467  IntRegister                     
000024b9  IntUnregister                   
000024cd  IntPriorityGroupingSet          
000024e7  IntPriorityGroupingGet          
0000251f  IntPrioritySet                  
0000256f  IntPriorityGet                  
00002593  IntEnable                       
00002605  IntDisable                      
00002677  IntIsEnabled                    
000026fd  IntPendSet                      
0000276d  IntPendClear                    
000027bb  IntPriorityMaskSet              
000027c7  IntPriorityMaskGet              
000027cf  IntTrigger                      
00002853  SCH_Init_T2                     
00002927  SCH_Add_Task                    
0000299b  SCH_Dispatcher_Tasks            
00002a17  SCH_Delete_Task                 
00002a77  HW_sch_update                   
00002aa9  HW_sch_init                     
00002abd  SCH_Report_Status               
00002aed  __aeabi_memcpy                  
00002aed  __aeabi_memcpy4                 
00002aed  __aeabi_memcpy8                 
00002aed  memcpy                          
00002b89  switch_init                     
00002b91  switch_update                   
00002bd1  SW_HW_init                      
00002c0d  LED_flash_init                  
00002c31  LED_flash_update                
00002c7d  __TI_decompress_lzss            
00002ce5  __TI_auto_init_nobinit_nopinit  
00002d29  CPUcpsid                        
00002d35  CPUprimask                      
00002d3f  CPUcpsie                        
00002d4b  CPUwfi                          
00002d4f  CPUbasepriSet                   
00002d5d  CPUbasepriGet                   
00002d69  _c_int00_noargs                 
00002d9d  main                            
00002dd1  __TI_zero_init_nomemset         
00002ded  __TI_decompress_none            
00002dfb  ResetISR                        
00002e07  SysCtlDelay                     
00002e0d  _system_pre_init                
00002e11  C$$EXIT                         
00002e11  abort                           
00003398  __TI_Handler_Table_Base         
000033a4  __TI_Handler_Table_Limit        
000033c0  __TI_CINIT_Base                 
000033d8  __TI_CINIT_Limit                
20000000  __start___llvm_prf_cnts         
20000000  __stop___llvm_prf_cnts          
20000000  g_pfnRAMVectors                 
2000026e  SW_pressed_G                    
20000270  __stack                         
20000470  SCH_tasks_G                     
20000470  __STACK_END                     
20000470  __STACK_TOP                     
ffffffff  __TI_pprof_out_hndl             
ffffffff  __TI_prof_data_size             
ffffffff  __TI_prof_data_start            
ffffffff  __binit__                       
ffffffff  __c_args__                      
ffffffff  binit                           
UNDEFED   __mpu_init                      
UNDEFED   _system_post_cinit              

[215 symbols]
